** Drc report for EyeNode.kicad_pcb **
** Created on 2026-10-01T21:16:39 **
** Report includes: Errors, Warnings **

** Found 3 DRC violations **
[silk_overlap]: Silkscreen clearance
    Rule: vincoli impostazioni scheda serigrafia; warning
    @(8.6200 mm, 67.3400 mm): Segment of SW1 on F.Silkscreen
    @(8.0000 mm, 66.0000 mm): PCB text 'SERVO 5-6V
1=+  2=GND' on F.Silkscreen
[silk_overlap]: Silkscreen clearance
    Rule: vincoli impostazioni scheda serigrafia; warning
    @(8.6200 mm, 67.3400 mm): Segment of SW1 on F.Silkscreen
    @(8.0000 mm, 66.0000 mm): PCB text 'SERVO 5-6V
1=+  2=GND' on F.Silkscreen
[silk_overlap]: Silkscreen clearance
    Rule: vincoli impostazioni scheda serigrafia; warning
    @(8.0000 mm, 66.0000 mm): PCB text 'SERVO 5-6V
1=+  2=GND' on F.Silkscreen
    @(13.8100 mm, 66.5800 mm): Reference field of SW1

** Found 0 unconnected pads **

** Found 0 Footprint errors **

** Ignored checks **
    - Footprint has no courtyard defined
    - Track endpoint not centered on via
    - Tuning profile track geometries
    - Footprint doesn't match symbol's footprint filters
    - Footprint component type doesn't match footprint pads

** End of Report **
